INFO [2026-05-15 12:17:36] $x
INFO [2026-05-15 12:17:36] habitat_viruses
INFO [2026-05-15 12:17:36] 
INFO [2026-05-15 12:17:36] $category.names
INFO [2026-05-15 12:17:36] names(habitat_viruses)
INFO [2026-05-15 12:17:36] 
INFO [2026-05-15 12:17:36] $filename
INFO [2026-05-15 12:17:36] NULL
INFO [2026-05-15 12:17:36] 
INFO [2026-05-15 12:17:36] $output
INFO [2026-05-15 12:17:36] [1] TRUE
INFO [2026-05-15 12:17:36] 
INFO [2026-05-15 12:17:36] $lwd
INFO [2026-05-15 12:17:36] [1] 1
INFO [2026-05-15 12:17:36] 
INFO [2026-05-15 12:17:36] $lty
INFO [2026-05-15 12:17:36] [1] "solid"
INFO [2026-05-15 12:17:36] 
INFO [2026-05-15 12:17:36] $fill
INFO [2026-05-15 12:17:36] RColorBrewer::brewer.pal(length(habitat_viruses), "Dark2")
INFO [2026-05-15 12:17:36] 
INFO [2026-05-15 12:17:36] $col
INFO [2026-05-15 12:17:36] [1] "black"
INFO [2026-05-15 12:17:36] 
INFO [2026-05-15 12:17:36] $rotation.degree
INFO [2026-05-15 12:17:36] [1] 0
INFO [2026-05-15 12:17:36] 
INFO [2026-05-15 12:17:36] $scaled
INFO [2026-05-15 12:17:36] [1] TRUE
INFO [2026-05-15 12:17:36] 
INFO [2026-05-15 12:17:36] $euler.d
INFO [2026-05-15 12:17:36] [1] TRUE
INFO [2026-05-15 12:17:36] 
INFO [2026-05-15 12:17:36] $cex
INFO [2026-05-15 12:17:36] [1] 1.5
INFO [2026-05-15 12:17:36] 
INFO [2026-05-15 12:17:36] $fontface
INFO [2026-05-15 12:17:36] [1] "bold"
INFO [2026-05-15 12:17:36] 
INFO [2026-05-15 12:17:36] $cat.cex
INFO [2026-05-15 12:17:36] [1] 1
INFO [2026-05-15 12:17:36] 
INFO [2026-05-15 12:17:36] $cat.default.pos
INFO [2026-05-15 12:17:36] [1] "outer"
INFO [2026-05-15 12:17:36] 
INFO [2026-05-15 12:17:36] $cat.fontface
INFO [2026-05-15 12:17:36] [1] "bold"
INFO [2026-05-15 12:17:36] 
